// Jest Snapshot v1, https://goo.gl/fbAQLP

exports[`Modal component matches snapshot 1`] = `
<DocumentFragment>
  <div
    class="modal-container-invisible container"
    id="modal"
  >
    <div
      class="col-6 cat-container"
    >
      <img
        class="secret-cat"
        src="./assets/creeping-cat.png"
      />
    </div>
    <div
      class="col-6 modal-text"
    >
      <h3>
        Is the coast clear? 👀
      </h3>
      <div
        class="button-container"
      >
        <button>
          🕺🐈💃
        </button>
        <button>
          😓😬😨
        </button>
      </div>
      <span>
        If 🕺🐈💃, there may be some flashing lights.
      </span>
    </div>
  </div>
</DocumentFragment>
`;
